[www.supremenewyork.com/index.html]
[backblue.gif]
[fade.gif]
[index.html]
[www.supremenewyork.com/ticket.js]
[www.supremenewyork.com/news.html]
[www.supremenewyork.com/previews/fallwinter2020.html]
[www.supremenewyork.com/shop.html]
[www.supremenewyork.com/index.html]
[www.supremenewyork.com/index]
[www.supremenewyork.com/news.html]
[www.supremenewyork.com/previews/fallwinter2020.html]
[www.supremenewyork.com/lookbooks]
[www.supremenewyork.com/shop/all.html]
[www.supremenewyork.com/shop.html]
[www.supremenewyork.com/random/kattwilliams]
[www.supremenewyork.com/about]
[www.supremenewyork.com/stores]
[www.supremenewyork.com/contact]
[www.supremenewyork.com/mailinglist]
[www.supremenewyork.com/random/tupac]
[www.supremenewyork.com/news/805/images0c37]
[www.supremenewyork.com/news/804/images0c37]
[www.supremenewyork.com/news/802/images0c37]
[www.supremenewyork.com/news/801/images0c37]
[www.supremenewyork.com/news/800/images0c37]
[www.supremenewyork.com/news/799/images0c37]
[www.supremenewyork.com/news/798/images0c37]
[www.supremenewyork.com/news/797/images0c37]
[www.supremenewyork.com/news/795/images0c37]
[www.supremenewyork.com/news/794/images0c37]
[www.supremenewyork.com/news/792/images0c37]
[www.supremenewyork.com/news/791/images0c37]
[www.supremenewyork.com/news/790/images0c37]
[www.supremenewyork.com/news/789/images0c37]
[www.supremenewyork.com/news/788/images0c37]
[www.supremenewyork.com/news/787/images0c37]
[www.supremenewyork.com/news/786/images0c37]
[www.supremenewyork.com/news/785/images0c37]
[www.supremenewyork.com/previews/springsummer2020]
[www.supremenewyork.com/previews/fallwinter2020/jackets/king-hooded-varsity-jacket]
[www.supremenewyork.com/previews/fallwinter2020/jackets/globe-ma-1]
[www.supremenewyork.com/previews/fallwinter2020/jackets/gore-tex-700-fill-down-parka]
[www.supremenewyork.com/previews/fallwinter2020/jackets/faux-fur-reversible-hooded-jacket]
[www.supremenewyork.com/previews/fallwinter2020/shirts/digi-floral-corduroy-shirt]
[www.supremenewyork.com/previews/fallwinter2020/jackets/supreme-vanson-leathers-worn-leather-jacket]
[www.supremenewyork.com/previews/fallwinter2020/jackets/reflective-speckled-down-jacket]
[www.supremenewyork.com/previews/fallwinter2020/jackets/supreme-toshio-saeki-work-jacket]
[www.supremenewyork.com/previews/fallwinter2020/jackets/supreme-smurfs-gore-tex-shell-jacket]
[www.supremenewyork.com/previews/fallwinter2020/jackets/black-ark-denim-trucker-jacket]
[www.supremenewyork.com/previews/fallwinter2020/jackets/hooded-down-jacket]
[www.supremenewyork.com/previews/fallwinter2020/jackets/reversible-colorblocked-fleece-jacket]
[www.supremenewyork.com/previews/fallwinter2020/tops-sweaters/patchwork-velour-l-s-polo]
[www.supremenewyork.com/previews/fallwinter2020/jackets/watches-reversible-puffy-jacket]
[www.supremenewyork.com/previews/fallwinter2020/jackets/aerial-tapestry-harrington-jacket]
[www.supremenewyork.com/previews/fallwinter2020/jackets/penguins-hooded-fleece-jacket]
[www.supremenewyork.com/previews/fallwinter2020/jackets/chains-quilted-jacket]
[www.supremenewyork.com/previews/fallwinter2020/jackets/supreme-smurfs-denim-trucker-jacket]
[www.supremenewyork.com/previews/fallwinter2020/jackets/technical-field-jacket]
[www.supremenewyork.com/previews/fallwinter2020/sweatshirts/big-stitch-hooded-sweatshirt]
[www.supremenewyork.com/previews/fallwinter2020/t-shirts/pharoah-sanders-tee]
[www.supremenewyork.com/previews/fallwinter2020/jackets/script-logos-wool-overcoat]
[www.supremenewyork.com/previews/fallwinter2020/tops-sweaters/crochet-hooded-zip-up-sweater]
[www.supremenewyork.com/previews/fallwinter2020/shirts/quilted-flannel-shirt]
[www.supremenewyork.com/previews/fallwinter2020/jackets/supreme-refrigiwear-insulated-iron-tuff-jacket]
[www.supremenewyork.com/previews/fallwinter2020/hats/reflective-speckled-camp-cap]
[www.supremenewyork.com/previews/fallwinter2020/sweatshirts/big-logo-paneled-zip-up-hooded-sweatshirt]
[www.supremenewyork.com/previews/fallwinter2020/tops-sweaters/dragon-hockey-jersey]
[www.supremenewyork.com/previews/fallwinter2020/jackets/tlaxcala-blanket-jacket]
[www.supremenewyork.com/previews/fallwinter2020/pants/cargo-pant]
[www.supremenewyork.com/previews/fallwinter2020/bags/backpack]
[www.supremenewyork.com/previews/fallwinter2020/hats/supreme-kangol-furgora-beanie]
[www.supremenewyork.com/previews/fallwinter2020/pants/corduroy-flight-pant]
[www.supremenewyork.com/previews/fallwinter2020/hats/velvet-s-logo-6-panel]
[www.supremenewyork.com/previews/fallwinter2020/tops-sweaters/street-scene-jacquard-s-s-top]
[www.supremenewyork.com/previews/fallwinter2020/accessories/supreme-jacob-co-time-zone-40mm-and-47mm-watches]
[www.supremenewyork.com/previews/fallwinter2020/all]
[www.supremenewyork.com/shop/cart]
[www.supremenewyork.com/checkout]
[www.supremenewyork.com/shop/jackets/um3i1wu2g]
[www.supremenewyork.com/shop/sweatshirts/t2bxdw687]
[www.supremenewyork.com/shop/tops-sweaters/o7cbz6hlt]
[www.supremenewyork.com/shop/pants/yx2z3gcsa]
[www.supremenewyork.com/shop/shorts/yab3ypvos]
[www.supremenewyork.com/shop/jackets/i3qsna06p]
[www.supremenewyork.com/shop/jackets/mrtzio1da]
[www.supremenewyork.com/shop/jackets/v1jh5wv4l]
[www.supremenewyork.com/shop/jackets/a4l2m78qf]
[www.supremenewyork.com/shop/jackets/ki431cz9y]
[www.supremenewyork.com/shop/tops-sweaters/wl7cub5j0]
[www.supremenewyork.com/shop/shirts/yatjnprsw]
[www.supremenewyork.com/shop/shirts/otn1qpewx]
[www.supremenewyork.com/shop/shirts/kmdjilsn4]
[www.supremenewyork.com/shop/sweatshirts/rr2gjstlu]
[www.supremenewyork.com/shop/sweatshirts/e1wihn4k8]
[www.supremenewyork.com/shop/sweatshirts/p2ksafuve]
[www.supremenewyork.com/shop/sweatshirts/z5bkxp9ql]
[www.supremenewyork.com/shop/sweatshirts/h6tvo9yad]
[www.supremenewyork.com/shop/sweatshirts/ypdzaw3h9]
[www.supremenewyork.com/shop/tops-sweaters/i8otudn7z]
[www.supremenewyork.com/shop/tops-sweaters/w306pvnji]
[www.supremenewyork.com/shop/tops-sweaters/zjgo6le7u]
[www.supremenewyork.com/shop/tops-sweaters/by2zmowvp]
[www.supremenewyork.com/shop/tops-sweaters/kf91ts3ou]
[www.supremenewyork.com/shop/pants/uh8491mpi]
[www.supremenewyork.com/shop/pants/z425dyfro]
[www.supremenewyork.com/shop/pants/artax0qiw]
[www.supremenewyork.com/shop/pants/h8ucr4w2a]
[www.supremenewyork.com/shop/pants/vzlknj74h]
[www.supremenewyork.com/shop/pants/ty5alz9tv]
[www.supremenewyork.com/shop/pants/hxlye02f7]
[www.supremenewyork.com/shop/pants/fcftnbk23]
[www.supremenewyork.com/shop/shorts/z2foq9i4a]
[www.supremenewyork.com/shop/hats/ptdh8ns5e]
[www.supremenewyork.com/shop/hats/o4p5bh16v]
[www.supremenewyork.com/shop/hats/yqa4txnep]
[www.supremenewyork.com/shop/hats/b7l0mu6p2]
[www.supremenewyork.com/shop/hats/exerzlscq]
[www.supremenewyork.com/shop/hats/b01qp795g]
[www.supremenewyork.com/shop/hats/ei7hvsg0a]
[www.supremenewyork.com/shop/hats/vb3wzfix1]
[www.supremenewyork.com/shop/bags/d12ob69zm]
[www.supremenewyork.com/shop/bags/i1fh6jw04]
[www.supremenewyork.com/shop/bags/ijazdqgl8]
[www.supremenewyork.com/shop/bags/l4a9ncl5d]
[www.supremenewyork.com/shop/bags/ycmkf1apd]
[www.supremenewyork.com/shop/bags/gusyaj1co]
[www.supremenewyork.com/shop/accessories/y3dxh5ptb]
[www.supremenewyork.com/shop/accessories/dra4ut8l2]
[www.supremenewyork.com/shop/accessories/n2dcp4gwu]
[www.supremenewyork.com/shop/accessories/fh68k57qa]
[www.supremenewyork.com/shop/accessories/ona0i275t]
[www.supremenewyork.com/shop/accessories/qblays09g]
[www.supremenewyork.com/shop/accessories/o5ji1kbnl]
[www.supremenewyork.com/shop/skate/tqc7ef2si]
[www.supremenewyork.com/shop/skate/qkuybcl3p]
[www.supremenewyork.com/shop/skate/qqab6juwl]
[www.supremenewyork.com/shop/new.html]
[www.supremenewyork.com/shop/all/jackets.html]
[www.supremenewyork.com/shop/all/pants.html]
[www.supremenewyork.com/shop/all/hats.html]
[www.supremenewyork.com/shop/all/accessories.html]
[www.supremenewyork.com/shop/jackets/um3i1wu2g/sn45e1wsx.html]
[www.supremenewyork.com/shop/jackets/um3i1wu2g/a3q98x7wo.html]
[www.supremenewyork.com/shop/shirts/yatjnprsw/b41injcpb.html]
[www.supremenewyork.com/shop/sweatshirts/t2bxdw687/fl1602spn.html]
[www.supremenewyork.com/shop/pants/yx2z3gcsa/ezwa7mujc.html]
[www.supremenewyork.com/shop/pants/uh8491mpi/ljd87p1gw.html]
[www.supremenewyork.com/shop/accessories/y3dxh5ptb/e2nacys3b.html]
[www.supremenewyork.com/shop/accessories/y3dxh5ptb/u4qpcad83.html]
[www.supremenewyork.com/shop/all.html]
[www.supremenewyork.com/shop/sizing]
[www.supremenewyork.com/shop/terms]
[www.supremenewyork.com/shop/privacy]
[www.supremenewyork.com/shop/policy]
[www.supremenewyork.com/shop/faq]
[www.supremenewyork.com/shop/new.html]
[www.supremenewyork.com/shop/all/jackets.html]
[www.supremenewyork.com/shop/all/shirts]
[www.supremenewyork.com/shop/all/tops_sweaters]
[www.supremenewyork.com/shop/all/sweatshirts]
[www.supremenewyork.com/shop/all/pants.html]
[www.supremenewyork.com/shop/all/shorts]
[www.supremenewyork.com/shop/all/hats.html]
[www.supremenewyork.com/shop/all/bags]
[www.supremenewyork.com/shop/all/accessories.html]
[www.supremenewyork.com/shop/all/skate]
[www.supremenewyork.com/shop/jackets/um3i1wu2g/bui0mqy1j]
[www.supremenewyork.com/shop/jackets/um3i1wu2g/sn45e1wsxd154.html]
[www.supremenewyork.com/shop/jackets/um3i1wu2g/sn45e1wsx5fc5.html]
[www.supremenewyork.com/shop/jackets/um3i1wu2g/sn45e1wsx793b.html]
[www.supremenewyork.com/shop/jackets/um3i1wu2g/a3q98x7wod154.html]
[www.supremenewyork.com/shop/jackets/um3i1wu2g/a3q98x7wo5fc5.html]
[www.supremenewyork.com/shop/jackets/um3i1wu2g/a3q98x7wo793b.html]
[www.supremenewyork.com/shop/jackets/um3i1wu2g/sn45e1wsx.html]
[www.supremenewyork.com/shop/jackets/um3i1wu2g/a3q98x7wo.html]
[www.supremenewyork.com/shop/jackets/i3qsna06p/gr4bovg2i]
[www.supremenewyork.com/shop/jackets/i3qsna06p/gtyg6arn0]
[www.supremenewyork.com/shop/jackets/i3qsna06p/czyacm58e]
[www.supremenewyork.com/shop/jackets/mrtzio1da/bj4s0ptma]
[www.supremenewyork.com/shop/jackets/mrtzio1da/qyt93fp4r]
[www.supremenewyork.com/shop/jackets/mrtzio1da/qgt8fzahn]
[www.supremenewyork.com/shop/jackets/v1jh5wv4l/yfhm7ptd5]
[www.supremenewyork.com/shop/jackets/v1jh5wv4l/dqw25eimn]
[www.supremenewyork.com/shop/jackets/v1jh5wv4l/l1x7fup0j]
[www.supremenewyork.com/shop/jackets/a4l2m78qf/zsjmul7wh]
[www.supremenewyork.com/shop/jackets/a4l2m78qf/znidhjx1w]
[www.supremenewyork.com/shop/jackets/a4l2m78qf/r5t3puhle]
[www.supremenewyork.com/shop/jackets/ki431cz9y/xk937xulm]
[www.supremenewyork.com/shop/jackets/ki431cz9y/zykje7dn2]
[www.supremenewyork.com/shop/jackets/ki431cz9y/ynhup2ebs]
[www.supremenewyork.com/shop/shirts/yatjnprsw/b41injcpb.html]
[www.supremenewyork.com/shop/shirts/yatjnprsw/alw38dafz]
[www.supremenewyork.com/shop/shirts/otn1qpewx/q7rn95i2h]
[www.supremenewyork.com/shop/shirts/otn1qpewx/yjiknd0bg]
[www.supremenewyork.com/shop/shirts/otn1qpewx/j5hwy1nev]
[www.supremenewyork.com/shop/shirts/kmdjilsn4/mfyitsnb6]
[www.supremenewyork.com/shop/shirts/kmdjilsn4/vby7zl6p4]
[www.supremenewyork.com/shop/shirts/kmdjilsn4/yp07rzf3l]
[www.supremenewyork.com/shop/shirts/kmdjilsn4/x8s25yiub]
[www.supremenewyork.com/shop/shirts/kmdjilsn4/wu9f5mrt6]
[www.supremenewyork.com/shop/tops-sweaters/o7cbz6hlt/upfrb7239]
[www.supremenewyork.com/shop/tops-sweaters/o7cbz6hlt/qd0mvk8xu]
[www.supremenewyork.com/shop/tops-sweaters/o7cbz6hlt/zslg82cjm]
[www.supremenewyork.com/shop/tops-sweaters/wl7cub5j0/gpnob5cr2]
[www.supremenewyork.com/shop/tops-sweaters/wl7cub5j0/u458kj3a7]
[www.supremenewyork.com/shop/tops-sweaters/wl7cub5j0/jn3pguor6]
[www.supremenewyork.com/shop/tops-sweaters/i8otudn7z/fvs1egij7]
[www.supremenewyork.com/shop/tops-sweaters/i8otudn7z/ad8sfhkle]
[www.supremenewyork.com/shop/tops-sweaters/i8otudn7z/kfs6dpa2z]
[www.supremenewyork.com/shop/tops-sweaters/w306pvnji/k69yveb0c]
[www.supremenewyork.com/shop/tops-sweaters/w306pvnji/ob5jx02fd]
[www.supremenewyork.com/shop/tops-sweaters/zjgo6le7u/xtc68k2bo]
[www.supremenewyork.com/shop/tops-sweaters/zjgo6le7u/a9kofhwjy]
[www.supremenewyork.com/shop/tops-sweaters/zjgo6le7u/x46iwjvy0]
[www.supremenewyork.com/shop/tops-sweaters/zjgo6le7u/uuyvr9kd2]
[www.supremenewyork.com/shop/tops-sweaters/zjgo6le7u/snjdr2l8y]
[www.supremenewyork.com/shop/tops-sweaters/zjgo6le7u/qzantljxd]
[www.supremenewyork.com/shop/tops-sweaters/zjgo6le7u/uaje70tru]
[www.supremenewyork.com/shop/tops-sweaters/zjgo6le7u/n53mu7eko]
[www.supremenewyork.com/shop/tops-sweaters/by2zmowvp/ltu4wy2g0]
[www.supremenewyork.com/shop/tops-sweaters/by2zmowvp/jhkd2bg3v]
[www.supremenewyork.com/shop/tops-sweaters/kf91ts3ou/ruo2p3ya5]
[www.supremenewyork.com/shop/tops-sweaters/kf91ts3ou/dmqn4fzkl]
[www.supremenewyork.com/shop/tops-sweaters/kf91ts3ou/i98s5eby6]
[www.supremenewyork.com/shop/sweatshirts/t2bxdw687/kpe8iulny]
[www.supremenewyork.com/shop/sweatshirts/t2bxdw687/fl1602spnd154.html]
[www.supremenewyork.com/shop/sweatshirts/t2bxdw687/fl1602spn.html]
[www.supremenewyork.com/shop/sweatshirts/t2bxdw687/eskv520fz]
[www.supremenewyork.com/shop/sweatshirts/rr2gjstlu/vswyu4e1g]
[www.supremenewyork.com/shop/sweatshirts/rr2gjstlu/vvzs0aril]
[www.supremenewyork.com/shop/sweatshirts/rr2gjstlu/v0x8n451o]
[www.supremenewyork.com/shop/sweatshirts/rr2gjstlu/t4y1c3nx2]
[www.supremenewyork.com/shop/sweatshirts/e1wihn4k8/pimwqpanu]
[www.supremenewyork.com/shop/sweatshirts/e1wihn4k8/f7o3lyhqk]
[www.supremenewyork.com/shop/sweatshirts/e1wihn4k8/ef52yg8ca]
[www.supremenewyork.com/shop/sweatshirts/e1wihn4k8/l0fpvzseg]
[www.supremenewyork.com/shop/sweatshirts/e1wihn4k8/xgjcqsb4w]
[www.supremenewyork.com/shop/sweatshirts/e1wihn4k8/h73m4vel0]
[www.supremenewyork.com/shop/sweatshirts/e1wihn4k8/gzw08jk4b]
[www.supremenewyork.com/shop/sweatshirts/p2ksafuve/pn1dqemvy]
[www.supremenewyork.com/shop/sweatshirts/p2ksafuve/t0g54xt6k]
[www.supremenewyork.com/shop/sweatshirts/p2ksafuve/kteg64h0l]
[www.supremenewyork.com/shop/sweatshirts/z5bkxp9ql/sqjnirdc0]
[www.supremenewyork.com/shop/sweatshirts/z5bkxp9ql/qvzf54bjy]
[www.supremenewyork.com/shop/sweatshirts/z5bkxp9ql/z6vps9q2h]
[www.supremenewyork.com/shop/sweatshirts/z5bkxp9ql/czo93v18x]
[www.supremenewyork.com/shop/sweatshirts/z5bkxp9ql/q7dsabt6v]
[www.supremenewyork.com/shop/sweatshirts/z5bkxp9ql/dsjlxey8b]
[www.supremenewyork.com/shop/sweatshirts/z5bkxp9ql/gaz2g5rjo]
[www.supremenewyork.com/shop/sweatshirts/h6tvo9yad/qgchyp3n2]
[www.supremenewyork.com/shop/sweatshirts/h6tvo9yad/yakoyj0z9]
[www.supremenewyork.com/shop/sweatshirts/h6tvo9yad/dql6k9gof]
[www.supremenewyork.com/shop/sweatshirts/h6tvo9yad/rvm9sknr8]
[www.supremenewyork.com/shop/sweatshirts/h6tvo9yad/xljcx4b6m]
[www.supremenewyork.com/shop/sweatshirts/h6tvo9yad/h5sj4gc6t]
[www.supremenewyork.com/shop/sweatshirts/ypdzaw3h9/gh8pdxeuj]
[www.supremenewyork.com/shop/sweatshirts/ypdzaw3h9/sd1qnsjc4]
[www.supremenewyork.com/shop/sweatshirts/ypdzaw3h9/vnetch0bx]
[www.supremenewyork.com/shop/sweatshirts/ypdzaw3h9/fk7ox0rvb]
[www.supremenewyork.com/shop/sweatshirts/ypdzaw3h9/i70v32tpj]
[www.supremenewyork.com/shop/sweatshirts/ypdzaw3h9/y4ja6sv2w]
[www.supremenewyork.com/shop/pants/yx2z3gcsa/clda51ifh]
[www.supremenewyork.com/shop/pants/yx2z3gcsa/ezwa7mujcd154.html]
[www.supremenewyork.com/shop/pants/yx2z3gcsa/ezwa7mujc5fc5.html]
[www.supremenewyork.com/shop/pants/yx2z3gcsa/ezwa7mujc793b.html]
[www.supremenewyork.com/shop/pants/yx2z3gcsa/ezwa7mujc.html]
[www.supremenewyork.com/shop/pants/yx2z3gcsa/pmtrykow0]
[www.supremenewyork.com/shop/pants/uh8491mpi/g73laqdr6]
[www.supremenewyork.com/shop/pants/uh8491mpi/qjxuwzqga]
[www.supremenewyork.com/shop/pants/uh8491mpi/wuxeln9s1]
[www.supremenewyork.com/shop/pants/uh8491mpi/tmtq71gln]
[www.supremenewyork.com/shop/pants/uh8491mpi/hv5wifudy]
[www.supremenewyork.com/shop/pants/uh8491mpi/ljd87p1gwd154.html]
[www.supremenewyork.com/shop/pants/uh8491mpi/ljd87p1gw5fc5.html]
[www.supremenewyork.com/shop/pants/uh8491mpi/ljd87p1gw.html]
[www.supremenewyork.com/shop/pants/uh8491mpi/q3pevl586]
[www.supremenewyork.com/shop/pants/z425dyfro/fxtbc819g]
[www.supremenewyork.com/shop/pants/z425dyfro/v48ivc3o1]
[www.supremenewyork.com/shop/pants/z425dyfro/wc1wmvysk]
[www.supremenewyork.com/shop/pants/artax0qiw/rh541oxel]
[www.supremenewyork.com/shop/pants/artax0qiw/n2af49xlr]
[www.supremenewyork.com/shop/pants/artax0qiw/bpzk1c72h]
[www.supremenewyork.com/shop/pants/h8ucr4w2a/jyrnpqt85]
[www.supremenewyork.com/shop/pants/h8ucr4w2a/kp20n4vh9]
[www.supremenewyork.com/shop/pants/h8ucr4w2a/cwhs1j24i]
[www.supremenewyork.com/shop/pants/vzlknj74h/u5gnvs6wb]
[www.supremenewyork.com/shop/pants/ty5alz9tv/tl3zgudci]
[www.supremenewyork.com/shop/pants/ty5alz9tv/w3bu21qir]
[www.supremenewyork.com/shop/pants/ty5alz9tv/u94yj6adw]
[www.supremenewyork.com/shop/pants/ty5alz9tv/won6vxcw9]
[www.supremenewyork.com/shop/pants/ty5alz9tv/i4ja6mfbt]
[www.supremenewyork.com/shop/pants/ty5alz9tv/ig4hs3r62]
[www.supremenewyork.com/shop/pants/hxlye02f7/nz63819sy]
[www.supremenewyork.com/shop/pants/fcftnbk23/t6rw9dn1h]
[www.supremenewyork.com/shop/shorts/yab3ypvos/r5610aesj]
[www.supremenewyork.com/shop/shorts/yab3ypvos/tnb7prloc]
[www.supremenewyork.com/shop/shorts/yab3ypvos/c6ado73br]
[www.supremenewyork.com/shop/shorts/z2foq9i4a/f619fny3c]
[www.supremenewyork.com/shop/shorts/z2foq9i4a/t47jpnde3]
[www.supremenewyork.com/shop/shorts/z2foq9i4a/bnyh7wivk]
[www.supremenewyork.com/shop/hats/ptdh8ns5e/ujsefrn7d]
[www.supremenewyork.com/shop/hats/ptdh8ns5e/gdvx7qlak]
[www.supremenewyork.com/shop/hats/ptdh8ns5e/r5buxyksm]
[www.supremenewyork.com/shop/hats/ptdh8ns5e/p9jgo8zwp]
[www.supremenewyork.com/shop/hats/ptdh8ns5e/ucypgunmi]
[www.supremenewyork.com/shop/hats/ptdh8ns5e/nrxe18hb5]
[www.supremenewyork.com/shop/hats/o4p5bh16v/bh2z3r5ud]
[www.supremenewyork.com/shop/hats/o4p5bh16v/ltgcvudjn]
[www.supremenewyork.com/shop/hats/o4p5bh16v/enf165rob]
[www.supremenewyork.com/shop/hats/o4p5bh16v/zcwv8gqx6]
[www.supremenewyork.com/shop/hats/o4p5bh16v/o4k5vwy8z]
[www.supremenewyork.com/shop/hats/yqa4txnep/zpz1db8ot]
[www.supremenewyork.com/shop/hats/yqa4txnep/qdiepagzs]
[www.supremenewyork.com/shop/hats/yqa4txnep/ltey93jui]
[www.supremenewyork.com/shop/hats/yqa4txnep/bqpjdix5o]
[www.supremenewyork.com/shop/hats/b7l0mu6p2/dhpcivl6w]
[www.supremenewyork.com/shop/hats/b7l0mu6p2/ozarpf37g]
[www.supremenewyork.com/shop/hats/b7l0mu6p2/ud3k2qy7s]
[www.supremenewyork.com/shop/hats/b7l0mu6p2/z5ub7idh9]
[www.supremenewyork.com/shop/hats/b7l0mu6p2/te3uc1pnh]
[www.supremenewyork.com/shop/hats/b7l0mu6p2/hy09ecw1a]
[www.supremenewyork.com/shop/hats/exerzlscq/lhg6458ex]
[www.supremenewyork.com/shop/hats/exerzlscq/umw2phxao]
[www.supremenewyork.com/shop/hats/exerzlscq/vi5g4rjte]
[www.supremenewyork.com/shop/hats/exerzlscq/b6drgjoub]
[www.supremenewyork.com/shop/hats/exerzlscq/z1siuva5l]
[www.supremenewyork.com/shop/hats/exerzlscq/fi2kdap3t]
[www.supremenewyork.com/shop/hats/b01qp795g/rw0eb4lx3]
[www.supremenewyork.com/shop/hats/b01qp795g/hijqy7gom]
[www.supremenewyork.com/shop/hats/b01qp795g/slnvezu76]
[www.supremenewyork.com/shop/hats/b01qp795g/qswdbf60n]
[www.supremenewyork.com/shop/hats/b01qp795g/ep2uvw5ik]
[www.supremenewyork.com/shop/hats/b01qp795g/c1pc6hy59]
[www.supremenewyork.com/shop/hats/ei7hvsg0a/lh24jq0fn]
[www.supremenewyork.com/shop/hats/ei7hvsg0a/ekbo21hxn]
[www.supremenewyork.com/shop/hats/ei7hvsg0a/btlpcroas]
[www.supremenewyork.com/shop/hats/ei7hvsg0a/b5eo2clps]
[www.supremenewyork.com/shop/hats/ei7hvsg0a/s6gx97oil]
[www.supremenewyork.com/shop/hats/ei7hvsg0a/uqjy1cnag]
[www.supremenewyork.com/shop/hats/ei7hvsg0a/mn8vek0s7]
[www.supremenewyork.com/shop/hats/vb3wzfix1/fq2wr89um]
[www.supremenewyork.com/shop/hats/vb3wzfix1/kvumqc4o2]
[www.supremenewyork.com/shop/hats/vb3wzfix1/f3hutpnsm]
[www.supremenewyork.com/shop/hats/vb3wzfix1/ramfnvzwh]
[www.supremenewyork.com/shop/hats/vb3wzfix1/s08up6ldk]
[www.supremenewyork.com/shop/hats/vb3wzfix1/qvm9u8al3]
[www.supremenewyork.com/shop/hats/vb3wzfix1/cnf8au5hq]
[www.supremenewyork.com/shop/bags/d12ob69zm/jsoyhnlq7]
[www.supremenewyork.com/shop/bags/d12ob69zm/k14xwoymu]
[www.supremenewyork.com/shop/bags/d12ob69zm/yua1vmc4s]
[www.supremenewyork.com/shop/bags/d12ob69zm/sg7yujze8]
[www.supremenewyork.com/shop/bags/i1fh6jw04/ieiy24u86]
[www.supremenewyork.com/shop/bags/i1fh6jw04/iski4e7tu]
[www.supremenewyork.com/shop/bags/i1fh6jw04/ykdwgbo5c]
[www.supremenewyork.com/shop/bags/i1fh6jw04/c7hbv3sue]
[www.supremenewyork.com/shop/bags/ijazdqgl8/ufdn13t2p]
[www.supremenewyork.com/shop/bags/ijazdqgl8/g7bmoyv8k]
[www.supremenewyork.com/shop/bags/ijazdqgl8/vvyrm2wh9]
[www.supremenewyork.com/shop/bags/ijazdqgl8/kpy5jbe4v]
[www.supremenewyork.com/shop/bags/l4a9ncl5d/i3whm5n80]
[www.supremenewyork.com/shop/bags/l4a9ncl5d/vfb6jlpyq]
[www.supremenewyork.com/shop/bags/l4a9ncl5d/b15fvse8m]
[www.supremenewyork.com/shop/bags/l4a9ncl5d/jyiga7d3z]
[www.supremenewyork.com/shop/bags/ycmkf1apd/pu9ic345n]
[www.supremenewyork.com/shop/bags/ycmkf1apd/xempofgah]
[www.supremenewyork.com/shop/bags/ycmkf1apd/q0gcavol7]
[www.supremenewyork.com/shop/bags/ycmkf1apd/ybdknvl70]
[www.supremenewyork.com/shop/bags/gusyaj1co/eba8hwfsq]
[www.supremenewyork.com/shop/bags/gusyaj1co/usn8i06t3]
[www.supremenewyork.com/shop/bags/gusyaj1co/dt43hmpeg]
[www.supremenewyork.com/shop/bags/gusyaj1co/cyrbn8aol]
[www.supremenewyork.com/shop/accessories/y3dxh5ptb/e2nacys3bd154.html]
[www.supremenewyork.com/shop/accessories/y3dxh5ptb/u4qpcad83d154.html]
[www.supremenewyork.com/shop/accessories/y3dxh5ptb/e2nacys3b.html]
[www.supremenewyork.com/shop/accessories/y3dxh5ptb/u4qpcad83.html]
[www.supremenewyork.com/shop/accessories/dra4ut8l2/q6wklmu9b]
[www.supremenewyork.com/shop/accessories/n2dcp4gwu/ulgkp3drz]
[www.supremenewyork.com/shop/accessories/n2dcp4gwu/s9sg8mote]
[www.supremenewyork.com/shop/accessories/fh68k57qa/iy7lv8tar]
[www.supremenewyork.com/shop/accessories/fh68k57qa/vvxwbsyk2]
[www.supremenewyork.com/shop/accessories/ona0i275t/u5ln1jxbe]
[www.supremenewyork.com/shop/accessories/ona0i275t/e8umgick1]
[www.supremenewyork.com/shop/accessories/qblays09g/ny4m6v59w]
[www.supremenewyork.com/shop/accessories/qblays09g/wm79qcu2i]
[www.supremenewyork.com/shop/accessories/o5ji1kbnl/ja4fzo0gm]
[www.supremenewyork.com/shop/skate/tqc7ef2si/zis2cq8ah]
[www.supremenewyork.com/shop/skate/tqc7ef2si/nwxz7upma]
[www.supremenewyork.com/shop/skate/tqc7ef2si/gdhwfni6q]
[www.supremenewyork.com/shop/skate/qkuybcl3p/nxvet1qjr]
[www.supremenewyork.com/shop/skate/qqab6juwl/pe0ju4y2g]
[www.supremenewyork.com/shop/skate/qqab6juwl/jsk92uwoz]
[www.supremenewyork.com/shop/jackets/um3i1wu2g/'/assets.supremenewyork.com/196690/zo/ZIos9foD8ak.jpg']
[www.supremenewyork.com/shop/jackets/um3i1wu2g/bui0mqy1jd154]
[www.supremenewyork.com/shop/jackets/um3i1wu2g/bui0mqy1j5fc5]
[www.supremenewyork.com/shop/jackets/um3i1wu2g/sn45e1wsxd154.html]
[www.supremenewyork.com/shop/jackets/um3i1wu2g/sn45e1wsx5fc5.html]
[www.supremenewyork.com/shop/jackets/um3i1wu2g/sn45e1wsx793b.html]
[www.supremenewyork.com/shop/jackets/um3i1wu2g/a3q98x7wod154.html]
[www.supremenewyork.com/shop/jackets/um3i1wu2g/a3q98x7wo5fc5.html]
[www.supremenewyork.com/shop/jackets/um3i1wu2g/a3q98x7wo793b.html]
[www.supremenewyork.com/shop/jackets/um3i1wu2g/'/assets.supremenewyork.com/196682/zo/spCy37lP6vc.jpg']
[www.supremenewyork.com/shop/shirts/yatjnprsw/'/assets.supremenewyork.com/194002/zo/o3k06NGIZ8k.jpg']
[www.supremenewyork.com/shop/sweatshirts/t2bxdw687/'/assets.supremenewyork.com/196652/zo/tjUJTqXqMmo.jpg']
[www.supremenewyork.com/shop/sweatshirts/t2bxdw687/fl1602spnd154.html]
[www.supremenewyork.com/shop/sweatshirts/t2bxdw687/eskv520fzd154]
[www.supremenewyork.com/shop/pants/yx2z3gcsa/'/assets.supremenewyork.com/196664/zo/lTiGIV6fizU.jpg']
[www.supremenewyork.com/shop/pants/yx2z3gcsa/clda51ifhd154]
[www.supremenewyork.com/shop/pants/yx2z3gcsa/clda51ifh5fc5]
[www.supremenewyork.com/shop/pants/yx2z3gcsa/ezwa7mujcd154.html]
[www.supremenewyork.com/shop/pants/yx2z3gcsa/ezwa7mujc5fc5.html]
[www.supremenewyork.com/shop/pants/yx2z3gcsa/ezwa7mujc793b.html]
[www.supremenewyork.com/shop/pants/yx2z3gcsa/pmtrykow0d154]
[www.supremenewyork.com/shop/pants/yx2z3gcsa/pmtrykow05fc5]
[www.supremenewyork.com/shop/pants/yx2z3gcsa/pmtrykow0793b]
[www.supremenewyork.com/shop/pants/uh8491mpi/'/assets.supremenewyork.com/194182/zo/-bFMOw474f0.jpg']
[www.supremenewyork.com/shop/pants/uh8491mpi/g73laqdr6d154]
[www.supremenewyork.com/shop/pants/uh8491mpi/hv5wifudyd154]
[www.supremenewyork.com/shop/pants/uh8491mpi/hv5wifudy5fc5]
[www.supremenewyork.com/shop/pants/uh8491mpi/ljd87p1gwd154.html]
[www.supremenewyork.com/shop/pants/uh8491mpi/ljd87p1gw5fc5.html]
[www.supremenewyork.com/shop/accessories/y3dxh5ptb/'/assets.supremenewyork.com/195794/zo/vpugVWQURqE.jpg']
[www.supremenewyork.com/shop/accessories/y3dxh5ptb/e2nacys3bd154.html]
[www.supremenewyork.com/shop/accessories/y3dxh5ptb/u4qpcad83d154.html]
[www.supremenewyork.com/shop/accessories/y3dxh5ptb/'/assets.supremenewyork.com/195799/zo/C81hU1ykj5A.jpg']
